// Jest Snapshot v1, https://goo.gl/fbAQLP

exports[`renders without crashing 1`] = `
Array [
  <div
    className="text-center jumbo jumbotron"
  >
    <h1
      className="display-2"
    >
      BandMixer
    </h1>
    <p
      className="lead"
    >
      Let's help you find your jam - start your search below!
    </p>
    <form
      className="justify-content-center mb-3 form-inline"
      onSubmit={[Function]}
    >
      <select
        className="mr-2 form-control"
        onChange={[Function]}
      >
        <option
          selected={true}
          value={0}
        >
          Select what you're looking for
        </option>
        <option
          value={1}
        >
          Guitar
        </option>
        <option
          value={2}
        >
          Bass
        </option>
        <option
          value={3}
        >
          Drums
        </option>
        <option
          value={4}
        >
          Piano
        </option>
        <option
          value={5}
        >
          Keyboard
        </option>
      </select>
      <input
        className="mr-2 form-control"
        onChange={[Function]}
        placeholder="ZIP code or location"
        type="text"
      />
    </form>
    <h5
      className="d-inline"
    >
      Confused? Try out 
      <a
        href="#"
        onClick={[Function]}
      >
        our beginner tutorial
      </a>
      !
    </h5>
  </div>,
  <div
    className="mx-auto w-75 card-deck"
  >
    <div
      className="card"
    >
      <img
        className="card-img-top"
        height="275px"
        src="https://www.superprof.co.uk/blog/wp-content/uploads/2017/07/guitar-guitar-player-musician-instrument-guitarist-1060x707.jpg"
      />
      <div
        className="card-body"
      >
        <div
          className="card-title h5"
        >
          Create your musician profile
        </div>
        <p
          className="card-text"
        >
          Get started right away with a fully-customizable musician profile, allowing you to showcase your instrument competencies, skill level, and genre and location preferences.
        </p>
        <p
          className="card-text"
        >
          After doing so, we'll use the information you provide to help you find bandmates through our advanced searching.
        </p>
      </div>
      <div
        className="text-center card-footer"
      >
        <button
          className="btn btn-primary"
          disabled={false}
          type="button"
        >
          Get started
        </button>
      </div>
    </div>
    <div
      className="card"
    >
      <img
        className="card-img-top"
        height="275px"
        src="https://www.bmi.com/cache/images/news/2019/iStock-1125877063_770_514_70_s.jpg"
      />
      <div
        className="card-body"
      >
        <div
          className="card-title h5"
        >
          Start your search for bandmates
        </div>
        <p
          className="card-text"
        >
          Finding bandmates won't be so hard anymore! We give users the power to create bands, join existing ones, or even just find some musician buddies to learn from and jam with.
        </p>
        <p
          className="card-text"
        >
          You'll be able to search for other musicians by instrument, skill levels, genre preferences, and most importantly, location!
        </p>
      </div>
      <div
        className="text-center card-footer"
      >
        <a
          className="btn btn-primary"
          href="#"
          onClick={[Function]}
          onKeyDown={[Function]}
          role="button"
        >
          Start searching
        </a>
      </div>
    </div>
    <div
      className="card"
    >
      <img
        className="card-img-top"
        height="275px"
        src="https://mentalitch.com/wp-content/uploads/2019/07/Top-British-Bands-of-the-80s.jpeg"
      />
      <div
        className="card-body"
      >
        <div
          className="card-title h5"
        >
          Start your band
        </div>
        <p
          className="card-text"
        >
          BandMixer connects musicians with the ultimate goal of enabling the formation of bands and music groups.
        </p>
        <p
          className="card-text"
        >
          No matter the instrument, skill level, or music taste, we want to allow musicians to live out their dreams of being in a band.
        </p>
      </div>
      <div
        className="text-center card-footer"
      >
        <button
          className="btn btn-primary"
          disabled={false}
          type="button"
        >
          Success stories
        </button>
      </div>
    </div>
  </div>,
]
`;
